<html>
<body>
<pre>
<h1>µVision Build Log</h1>
<h2>Tool Versions:</h2>
IDE-Version: µVision V5.37.0.0
Copyright (C) 2022 ARM Ltd and ARM Germany GmbH. All rights reserved.
License Information: yix l, yim, LIC=9WSKC-78F5C-WF9I7-EP84D-BVKY0-S31NA
 
Tool Versions:
Toolchain:       MDK-ARM Plus  Version: 5.37.0.0
Toolchain Path:  C:\Keil_v5\ARM\ARMCC\Bin
C Compiler:      Armcc.exe V5.06 update 6 (build 750)
Assembler:       Armasm.exe V5.06 update 6 (build 750)
Linker/Locator:  ArmLink.exe V5.06 update 6 (build 750)
Library Manager: ArmAr.exe V5.06 update 6 (build 750)
Hex Converter:   FromElf.exe V5.06 update 6 (build 750)
CPU DLL:         SARMCM3.DLL V5.37.0.0
Dialog DLL:      DARMCM1.DLL V1.19.6.0
Target DLL:      STLink\ST-LINKIII-KEIL_SWO.dll V3.0.9.0
Dialog DLL:      TARMCM1.DLL V1.14.6.0
 
<h2>Project:</h2>
C:\code\uC\PulseGenerator\STM32G071_pulseGenerator\MDK-ARM\STM32G071_pulseGenerator.uvprojx
Project File Date:  07/21/2023

<h2>Output:</h2>
*** Using Compiler 'V5.06 update 6 (build 750)', folder: 'C:\Keil_v5\ARM\ARMCC\Bin'
Build target 'STM32G071_pulseGenerator'
compiling main.c...
../Src/main.c(95): warning:  #188-D: enumerated type mixed with another type
  	HAL_GPIO_WritePin(LED_GPIO_Port,LED_Pin,1);
../Src/main.c(98): warning:  #188-D: enumerated type mixed with another type
  			HAL_GPIO_WritePin(PWM_GPIO_Port,PWM_Pin,1);
../Src/main.c(100): warning:  #188-D: enumerated type mixed with another type
  			HAL_GPIO_WritePin(PWM_GPIO_Port,PWM_Pin,0);
../Src/main.c(103): warning:  #188-D: enumerated type mixed with another type
  		HAL_GPIO_WritePin(LED_GPIO_Port,LED_Pin,0);
../Src/main.c(112): warning:  #188-D: enumerated type mixed with another type
  		HAL_GPIO_WritePin(LED_GPIO_Port,LED_Pin,1);
../Src/main.c(115): warning:  #188-D: enumerated type mixed with another type
  			HAL_GPIO_WritePin(PWM_GPIO_Port,PWM_Pin,1);
../Src/main.c(117): warning:  #188-D: enumerated type mixed with another type
  			HAL_GPIO_WritePin(PWM_GPIO_Port,PWM_Pin,0);
../Src/main.c(120): warning:  #188-D: enumerated type mixed with another type
  		HAL_GPIO_WritePin(LED_GPIO_Port,LED_Pin,0);
../Src/main.c: 8 warnings, 0 errors
linking...
Program Size: Code=3636 RO-data=288 RW-data=16 ZI-data=1696  
FromELF: creating hex file...
"STM32G071_pulseGenerator\STM32G071_pulseGenerator.axf" - 0 Error(s), 8 Warning(s).

<h2>Software Packages used:</h2>

Package Vendor: ARM
                http://www.keil.com/pack/ARM.CMSIS.5.9.0.pack
                ARM.CMSIS.5.9.0
                CMSIS (Common Microcontroller Software Interface Standard)
   * Component: CORE Version: 5.6.0

Package Vendor: Keil
                http://www.keil.com/pack/Keil.STM32G0xx_DFP.1.4.0.pack
                Keil.STM32G0xx_DFP.1.4.0
                STMicroelectronics STM32G0 Series Device Support

<h2>Collection of Component include folders:</h2>
  ./RTE/_STM32G071_pulseGenerator
  C:/Users/aeria/AppData/Local/Arm/Packs/ARM/CMSIS/5.9.0/CMSIS/Core/Include
  C:/Users/aeria/AppData/Local/Arm/Packs/Keil/STM32G0xx_DFP/1.4.0/Drivers/CMSIS/Device/ST/STM32G0xx/Include

<h2>Collection of Component Files used:</h2>

   * Component: ARM::CMSIS:CORE:5.6.0
      Include file:  CMSIS/Core/Include/tz_context.h
Build Time Elapsed:  00:00:01
</pre>
</body>
</html>
